// Jest Snapshot v1, https://goo.gl/fbAQLP

exports[`renders publications section 1`] = `
<div
  className="StyledBox-sc-13pk1d4-0 DOiol"
>
  <table
    className="StyledDataTable-xrlyjm-0 kTrXKK"
  >
    <thead
      className="StyledDataTable__StyledDataTableHeader-xrlyjm-3 bAIczD StyledTable__StyledTableHeader-sc-1m3u5g-4 dHaGyd"
    >
      <tr
        className="StyledDataTable__StyledDataTableRow-xrlyjm-1 ezpFws StyledTable__StyledTableRow-sc-1m3u5g-2 kXgizX"
      >
        <th
          className="StyledTable__StyledTableCell-sc-1m3u5g-0 hNAgVv"
          scope="col"
        >
          <div
            className="StyledBox-sc-13pk1d4-0 folWQp"
          >
            <span
              className="StyledText-sc-1sadyjn-0 fWSbXS"
            >
              Publication
            </span>
          </div>
        </th>
        <th
          className="StyledTable__StyledTableCell-sc-1m3u5g-0 hNAgVv"
          scope="col"
        >
          <div
            className="StyledBox-sc-13pk1d4-0 folWQp"
          >
            <span
              className="StyledText-sc-1sadyjn-0 fWSbXS"
            >
              Company
            </span>
          </div>
        </th>
        <th
          className="StyledTable__StyledTableCell-sc-1m3u5g-0 hNAgVv"
          scope="col"
        >
          <div
            className="StyledBox-sc-13pk1d4-0 folWQp"
          >
            <span
              className="StyledText-sc-1sadyjn-0 fWSbXS"
            >
              Release Date
            </span>
          </div>
        </th>
        <th
          className="StyledTable__StyledTableCell-sc-1m3u5g-0 hNAgVv"
          scope="col"
        >
          <div
            className="StyledBox-sc-13pk1d4-0 folWQp"
          >
            <span
              className="StyledText-sc-1sadyjn-0 fWSbXS"
            >
              Website
            </span>
          </div>
        </th>
        <th
          className="StyledTable__StyledTableCell-sc-1m3u5g-0 hNAgVv"
          scope="col"
        >
          <div
            className="StyledBox-sc-13pk1d4-0 folWQp"
          >
            <span
              className="StyledText-sc-1sadyjn-0 fWSbXS"
            >
              Summary
            </span>
          </div>
        </th>
      </tr>
    </thead>
    <tbody
      className="StyledDataTable__StyledDataTableBody-xrlyjm-2 hbZQKY"
    />
  </table>
</div>
`;
