// Jest Snapshot v1, https://goo.gl/fbAQLP

exports[`renders awards section 1`] = `
<div
  className="StyledBox-sc-13pk1d4-0 IRSNj"
>
  <h1
    className="StyledHeading-sc-1rdh4aw-0 jVpYfH"
  >
    References
  </h1>
</div>
`;

exports[`renders references section 1`] = `
<div
  className="StyledBox-sc-13pk1d4-0 IRSNj"
>
  <h1
    className="StyledHeading-sc-1rdh4aw-0 jVpYfH"
  >
    References
  </h1>
</div>
`;
