// Jest Snapshot v1, https://goo.gl/fbAQLP

exports[`renders resume 1`] = `
<div
  className="StyledBox-sc-13pk1d4-0 bIxJtp"
>
  <h1
    className="StyledHeading-sc-1rdh4aw-0 jVpYfH"
  >
    Error rendering
  </h1>
</div>
`;
