// Jest Snapshot v1, https://goo.gl/fbAQLP

exports[`renders volunteer section 1`] = `
<div
  className="StyledBox-sc-13pk1d4-0 eRCNqM"
>
  <div
    className="StyledBox-sc-13pk1d4-0 lhNMsi"
  >
    <h3
      className="StyledHeading-sc-1rdh4aw-0 gBSFmC"
      size="medium"
    >
      <span
        className="StyledText-sc-1sadyjn-0 fWSbXS"
      >
        Volunteer
      </span>
    </h3>
    <div
      className="StyledBox-sc-13pk1d4-0 IRSNj"
    >
      <div
        className="StyledBox-sc-13pk1d4-0 IRSNj"
      >
        <h1
          className="StyledHeading-sc-1rdh4aw-0 jVpYfH"
        />
        <h1
          className="StyledHeading-sc-1rdh4aw-0 jVpYfH"
        >
          Volunteer
        </h1>
        <div
          className="StyledBox-sc-13pk1d4-0 ffeAql"
        >
          2012-01-01
           - 
          2013-01-01
        </div>
        <p
          className="StyledParagraph-tbetod-0 kxFtnQ"
        >
          Description...
        </p>
        <span
          className="StyledText-sc-1sadyjn-0 fWSbXS"
        >
          Highlights
        </span>
        <div
          className="StyledBox-sc-13pk1d4-0 IRSNj"
        >
          <span
            className="StyledText-sc-1sadyjn-0 fWSbXS"
          >
            Awarded 'Volunteer of the Month'
          </span>
        </div>
      </div>
    </div>
  </div>
</div>
`;
