// Jest Snapshot v1, https://goo.gl/fbAQLP

exports[`renders awards section 1`] = `
<div
  className="StyledBox-sc-13pk1d4-0 eRCNqM"
>
  <div
    className="StyledBox-sc-13pk1d4-0 igklvm"
  >
    <h1
      className="StyledHeading-sc-1rdh4aw-0 hXQZaT"
      size="small"
    >
      Awards
    </h1>
    <div
      className="StyledBox__StyledBoxGap-sc-13pk1d4-1 jlbBeA"
    />
    <div
      className="StyledBox-sc-13pk1d4-0 IRSNj"
    >
      <div
        className="StyledBox-sc-13pk1d4-0 IRSNj"
      >
        <h3
          className="StyledHeading-sc-1rdh4aw-0 jXPWRz"
          size="small"
        >
          Award
        </h3>
        <h4
          className="StyledHeading-sc-1rdh4aw-0 hlZfma"
        >
          Company
        </h4>
        <span
          className="StyledText-sc-1sadyjn-0 dndifk"
          size="medium"
        >
          Nov 2014
        </span>
        <p
          className="StyledParagraph-tbetod-0 kxFtnQ"
        >
          There is no spoon.
        </p>
      </div>
    </div>
  </div>
</div>
`;
