// Jest Snapshot v1, https://goo.gl/fbAQLP

exports[`renders basics section contact info 1`] = `
<div
  className="StyledBox-sc-13pk1d4-0 fRAsXr"
>
  <span
    className="StyledText-sc-1sadyjn-0 fWSbXS"
  >
     email: 
    john@gmail.com
     
  </span>
  <span
    className="StyledText-sc-1sadyjn-0 fWSbXS"
  >
     website: 
    http://johndoe.com
     
  </span>
  <span
    className="StyledText-sc-1sadyjn-0 fWSbXS"
  >
     Location: 
    2712 Broadway St CA 94115 San Francisco US
     
  </span>
  <span
    className="StyledText-sc-1sadyjn-0 fWSbXS"
  >
     Phone: 
    (912) 555-4321
     
  </span>
  <div
    className="StyledBox-sc-13pk1d4-0 ffeAql"
  >
    <button
      className="StyledButton-sc-323bzc-0 lhIxjU"
      onBlur={[Function]}
      onFocus={[Function]}
      type="button"
    >
      Twitter
    </button>
  </div>
</div>
`;

exports[`renders basics section picture 1`] = `
<div
  className="StyledBox-sc-13pk1d4-0 dZFMXT"
>
  <img
    className="StyledImage-ey4zx9-0 jtkYbl"
    size="large"
    src="PUT FACE HERE"
  />
</div>
`;

exports[`renders basics section summary 1`] = `
<div
  className="StyledBox-sc-13pk1d4-0 kBAEek"
>
  <h1
    className="StyledHeading-sc-1rdh4aw-0 kMIJAQ"
    size="small"
  >
    John Doe
  </h1>
  <h2
    className="StyledHeading-sc-1rdh4aw-0 kUotfP"
    size="small"
  >
    Programmer
  </h2>
  <div
    className="StyledBox-sc-13pk1d4-0 IRSNj"
  >
    <p
      className="StyledParagraph-tbetod-0 kxFtnQ"
      size="medium"
    >
      A summary of John Doe...
    </p>
  </div>
</div>
`;
