// Jest Snapshot v1, https://goo.gl/fbAQLP

exports[`renders languages section 1`] = `
<div
  className="StyledBox-sc-13pk1d4-0 eRCNqM"
>
  <div
    className="StyledBox-sc-13pk1d4-0 igklvm"
  >
    <h1
      className="StyledHeading-sc-1rdh4aw-0 hXQZaT"
      size="small"
    >
      Languages
    </h1>
    <div
      className="StyledBox__StyledBoxGap-sc-13pk1d4-1 jlbBeA"
    />
    <div
      className="StyledBox-sc-13pk1d4-0 IRSNj"
    >
      <div
        className="StyledBox-sc-13pk1d4-0 IRSNj"
      >
        <h3
          className="StyledHeading-sc-1rdh4aw-0 jXPWRz"
          size="small"
        >
          English: Native speaker
        </h3>
      </div>
    </div>
  </div>
</div>
`;
