// Jest Snapshot v1, https://goo.gl/fbAQLP

exports[`renders references section 1`] = `
<div
  className="StyledBox-sc-13pk1d4-0 eRCNqM"
>
  <div
    className="StyledBox-sc-13pk1d4-0 igklvm"
  >
    <h1
      className="StyledHeading-sc-1rdh4aw-0 hXQZaT"
      size="small"
    >
      References
    </h1>
    <div
      className="StyledBox__StyledBoxGap-sc-13pk1d4-1 jlbBeA"
    />
    <div
      className="StyledBox-sc-13pk1d4-0 IRSNj"
    >
      <div
        className="StyledBox-sc-13pk1d4-0 IRSNj"
      >
        <h3
          className="StyledHeading-sc-1rdh4aw-0 jXPWRz"
          size="small"
        >
          Jane Doe
        </h3>
        <p
          className="StyledParagraph-tbetod-0 kxFtnQ"
        >
          Reference...
        </p>
      </div>
    </div>
  </div>
</div>
`;
