// Jest Snapshot v1, https://goo.gl/fbAQLP

exports[`renders volunteer section 1`] = `
<div
  className="StyledBox-sc-13pk1d4-0 eRCNqM"
>
  <div
    className="StyledBox-sc-13pk1d4-0 igklvm"
  >
    <h1
      className="StyledHeading-sc-1rdh4aw-0 hXQZaT"
      size="small"
    >
      Volunteer
    </h1>
    <div
      className="StyledBox__StyledBoxGap-sc-13pk1d4-1 jlbBeA"
    />
    <div
      className="StyledBox-sc-13pk1d4-0 IRSNj"
    >
      <div
        className="StyledBox-sc-13pk1d4-0 IRSNj"
      >
        <h3
          className="StyledHeading-sc-1rdh4aw-0 jXPWRz"
          size="small"
        />
        <h4
          className="StyledHeading-sc-1rdh4aw-0 hlZfma"
        >
          Volunteer
        </h4>
        <div
          className="StyledBox-sc-13pk1d4-0 ffeAql"
        >
          <span
            className="StyledText-sc-1sadyjn-0 dndifk"
            size="medium"
          >
            Jan 2012 - Jan 2013
          </span>
        </div>
        <p
          className="StyledParagraph-tbetod-0 kxFtnQ"
        >
          Description...
        </p>
        <div
          className="StyledBox-sc-13pk1d4-0 IRSNj"
        >
          <span
            className="StyledText-sc-1sadyjn-0 dndifk"
            size="medium"
          >
            Highlights
          </span>
          <div
            className="StyledBox-sc-13pk1d4-0 IRSNj"
          >
            <span
              className="StyledText-sc-1sadyjn-0 fWSbXS"
            >
              Awarded 'Volunteer of the Month'
            </span>
          </div>
        </div>
      </div>
    </div>
  </div>
</div>
`;
